[09-Oct-2025 09:38:46 Europe/Berlin] PHP Deprecated:  mysqli_real_escape_string(): Passing null to parameter #2 ($string) of type string is deprecated in C:\Users\vince\OneDrive\Desktop\PWU_WEBPORTAL\loginpage.php on line 16
[09-Oct-2025 09:38:46 Europe/Berlin] PHP Deprecated:  md5(): Passing null to parameter #1 ($string) of type string is deprecated in C:\Users\vince\OneDrive\Desktop\PWU_WEBPORTAL\loginpage.php on line 19
[09-Oct-2025 09:39:12 Europe/Berlin] PHP Deprecated:  mysqli_real_escape_string(): Passing null to parameter #2 ($string) of type string is deprecated in C:\Users\vince\OneDrive\Desktop\PWU_WEBPORTAL\loginpage.php on line 16
[09-Oct-2025 09:39:12 Europe/Berlin] PHP Deprecated:  md5(): Passing null to parameter #1 ($string) of type string is deprecated in C:\Users\vince\OneDrive\Desktop\PWU_WEBPORTAL\loginpage.php on line 19
[09-Oct-2025 09:40:13 Europe/Berlin] PHP Deprecated:  mysqli_real_escape_string(): Passing null to parameter #2 ($string) of type string is deprecated in C:\Users\vince\OneDrive\Desktop\PWU_WEBPORTAL\loginpage.php on line 16
[09-Oct-2025 09:40:13 Europe/Berlin] PHP Deprecated:  md5(): Passing null to parameter #1 ($string) of type string is deprecated in C:\Users\vince\OneDrive\Desktop\PWU_WEBPORTAL\loginpage.php on line 19
[09-Oct-2025 09:40:27 Europe/Berlin] PHP Deprecated:  mysqli_real_escape_string(): Passing null to parameter #2 ($string) of type string is deprecated in C:\Users\vince\OneDrive\Desktop\PWU_WEBPORTAL\loginpage.php on line 16
[09-Oct-2025 09:40:27 Europe/Berlin] PHP Deprecated:  md5(): Passing null to parameter #1 ($string) of type string is deprecated in C:\Users\vince\OneDrive\Desktop\PWU_WEBPORTAL\loginpage.php on line 19
[09-Oct-2025 09:40:49 Europe/Berlin] PHP Deprecated:  mysqli_real_escape_string(): Passing null to parameter #2 ($string) of type string is deprecated in C:\Users\vince\OneDrive\Desktop\PWU_WEBPORTAL\loginpage.php on line 16
[09-Oct-2025 09:40:49 Europe/Berlin] PHP Deprecated:  md5(): Passing null to parameter #1 ($string) of type string is deprecated in C:\Users\vince\OneDrive\Desktop\PWU_WEBPORTAL\loginpage.php on line 19
[09-Oct-2025 09:42:08 Europe/Berlin] PHP Deprecated:  mysqli_real_escape_string(): Passing null to parameter #2 ($string) of type string is deprecated in C:\Users\vince\OneDrive\Desktop\PWU_WEBPORTAL\loginpage.php on line 16
[09-Oct-2025 09:42:08 Europe/Berlin] PHP Deprecated:  md5(): Passing null to parameter #1 ($string) of type string is deprecated in C:\Users\vince\OneDrive\Desktop\PWU_WEBPORTAL\loginpage.php on line 19
[09-Oct-2025 10:07:41 Europe/Berlin] PHP Warning:  Undefined variable $user_type in C:\Users\vince\OneDrive\Desktop\PWU_WEBPORTAL\signup.php on line 56
[09-Oct-2025 10:07:41 Europe/Berlin] PHP Fatal error:  Uncaught mysqli_sql_exception: Unknown column 'user_type' in 'field list' in C:\Users\vince\OneDrive\Desktop\PWU_WEBPORTAL\signup.php:54
Stack trace:
#0 C:\Users\vince\OneDrive\Desktop\PWU_WEBPORTAL\signup.php(54): mysqli_query(Object(mysqli), '\r\n             ...')
#1 {main}
  thrown in C:\Users\vince\OneDrive\Desktop\PWU_WEBPORTAL\signup.php on line 54
[09-Oct-2025 10:09:28 Europe/Berlin] PHP Fatal error:  Uncaught mysqli_sql_exception: Unknown column 'user_type' in 'field list' in C:\Users\vince\OneDrive\Desktop\PWU_WEBPORTAL\signup.php:55
Stack trace:
#0 C:\Users\vince\OneDrive\Desktop\PWU_WEBPORTAL\signup.php(55): mysqli_query(Object(mysqli), '\r\n             ...')
#1 {main}
  thrown in C:\Users\vince\OneDrive\Desktop\PWU_WEBPORTAL\signup.php on line 55
[09-Oct-2025 10:09:48 Europe/Berlin] PHP Fatal error:  Uncaught mysqli_sql_exception: You have an error in your SQL syntax; check the manual that corresponds to your MariaDB server version for the right syntax to use near ')
                VALUES ('Vincent', 'Garcia', 'vincentgarcia@gmail.com', '$...' at line 1 in C:\Users\vince\OneDrive\Desktop\PWU_WEBPORTAL\signup.php:55
Stack trace:
#0 C:\Users\vince\OneDrive\Desktop\PWU_WEBPORTAL\signup.php(55): mysqli_query(Object(mysqli), '\r\n             ...')
#1 {main}
  thrown in C:\Users\vince\OneDrive\Desktop\PWU_WEBPORTAL\signup.php on line 55
[09-Oct-2025 10:10:09 Europe/Berlin] PHP Fatal error:  Uncaught mysqli_sql_exception: You have an error in your SQL syntax; check the manual that corresponds to your MariaDB server version for the right syntax to use near ')
                VALUES ('Vincent', 'Garcia', 'vincentgarcia@gmail.com', '$...' at line 1 in C:\Users\vince\OneDrive\Desktop\PWU_WEBPORTAL\signup.php:54
Stack trace:
#0 C:\Users\vince\OneDrive\Desktop\PWU_WEBPORTAL\signup.php(54): mysqli_query(Object(mysqli), '\r\n             ...')
#1 {main}
  thrown in C:\Users\vince\OneDrive\Desktop\PWU_WEBPORTAL\signup.php on line 54
[09-Oct-2025 10:11:41 Europe/Berlin] PHP Fatal error:  Uncaught mysqli_sql_exception: You have an error in your SQL syntax; check the manual that corresponds to your MariaDB server version for the right syntax to use near ')
                VALUES ('Vincent', 'Garcia', 'vincentgarcia@gmail.com', '$...' at line 1 in C:\Users\vince\OneDrive\Desktop\PWU_WEBPORTAL\signup.php:54
Stack trace:
#0 C:\Users\vince\OneDrive\Desktop\PWU_WEBPORTAL\signup.php(54): mysqli_query(Object(mysqli), '\r\n             ...')
#1 {main}
  thrown in C:\Users\vince\OneDrive\Desktop\PWU_WEBPORTAL\signup.php on line 54
[10-Oct-2025 21:02:09 Europe/Berlin] PHP Fatal error:  Uncaught mysqli_sql_exception: Column count doesn't match value count at row 1 in C:\Users\vince\OneDrive\Desktop\PWU_WEBPORTAL\signup.php:54
Stack trace:
#0 C:\Users\vince\OneDrive\Desktop\PWU_WEBPORTAL\signup.php(54): mysqli_query(Object(mysqli), '\r\n             ...')
#1 {main}
  thrown in C:\Users\vince\OneDrive\Desktop\PWU_WEBPORTAL\signup.php on line 54
[11-Oct-2025 03:33:54 Europe/Berlin] PHP Fatal error:  Uncaught mysqli_sql_exception: Unknown database 'system_pwu' in C:\Users\gabnicor\OneDrive\Desktop\PWU_WEBPORTAL\config\config.php:8
Stack trace:
#0 C:\Users\gabnicor\OneDrive\Desktop\PWU_WEBPORTAL\config\config.php(8): mysqli_connect('localhost', 'root', Object(SensitiveParameterValue), 'system_pwu')
#1 C:\Users\gabnicor\OneDrive\Desktop\PWU_WEBPORTAL\loginpage.php(10): include('C:\\Users\\gabnic...')
#2 {main}
  thrown in C:\Users\gabnicor\OneDrive\Desktop\PWU_WEBPORTAL\config\config.php on line 8
[11-Oct-2025 03:34:11 Europe/Berlin] PHP Fatal error:  Uncaught mysqli_sql_exception: Unknown database 'system_pwu' in C:\Users\gabnicor\OneDrive\Desktop\PWU_WEBPORTAL\config\config.php:8
Stack trace:
#0 C:\Users\gabnicor\OneDrive\Desktop\PWU_WEBPORTAL\config\config.php(8): mysqli_connect('localhost', 'root', Object(SensitiveParameterValue), 'system_pwu')
#1 C:\Users\gabnicor\OneDrive\Desktop\PWU_WEBPORTAL\loginpage.php(10): include('C:\\Users\\gabnic...')
#2 {main}
  thrown in C:\Users\gabnicor\OneDrive\Desktop\PWU_WEBPORTAL\config\config.php on line 8
[11-Oct-2025 03:34:15 Europe/Berlin] PHP Fatal error:  Uncaught mysqli_sql_exception: Unknown database 'system_pwu' in C:\Users\gabnicor\OneDrive\Desktop\PWU_WEBPORTAL\config\config.php:8
Stack trace:
#0 C:\Users\gabnicor\OneDrive\Desktop\PWU_WEBPORTAL\config\config.php(8): mysqli_connect('localhost', 'root', Object(SensitiveParameterValue), 'system_pwu')
#1 C:\Users\gabnicor\OneDrive\Desktop\PWU_WEBPORTAL\loginpage.php(10): include('C:\\Users\\gabnic...')
#2 {main}
  thrown in C:\Users\gabnicor\OneDrive\Desktop\PWU_WEBPORTAL\config\config.php on line 8
[11-Oct-2025 03:36:39 Europe/Berlin] PHP Fatal error:  Uncaught mysqli_sql_exception: Unknown database 'system_pwu' in C:\Users\gabnicor\OneDrive\Desktop\PWU_WEBPORTAL\config\config.php:8
Stack trace:
#0 C:\Users\gabnicor\OneDrive\Desktop\PWU_WEBPORTAL\config\config.php(8): mysqli_connect('localhost', 'root', Object(SensitiveParameterValue), 'system_pwu')
#1 C:\Users\gabnicor\OneDrive\Desktop\PWU_WEBPORTAL\loginpage.php(10): include('C:\\Users\\gabnic...')
#2 {main}
  thrown in C:\Users\gabnicor\OneDrive\Desktop\PWU_WEBPORTAL\config\config.php on line 8
[11-Oct-2025 03:36:43 Europe/Berlin] PHP Fatal error:  Uncaught mysqli_sql_exception: Unknown database 'system_pwu' in C:\Users\gabnicor\OneDrive\Desktop\PWU_WEBPORTAL\config\config.php:8
Stack trace:
#0 C:\Users\gabnicor\OneDrive\Desktop\PWU_WEBPORTAL\config\config.php(8): mysqli_connect('localhost', 'root', Object(SensitiveParameterValue), 'system_pwu')
#1 C:\Users\gabnicor\OneDrive\Desktop\PWU_WEBPORTAL\loginpage.php(10): include('C:\\Users\\gabnic...')
#2 {main}
  thrown in C:\Users\gabnicor\OneDrive\Desktop\PWU_WEBPORTAL\config\config.php on line 8
[11-Oct-2025 03:36:44 Europe/Berlin] PHP Fatal error:  Uncaught mysqli_sql_exception: Unknown database 'system_pwu' in C:\Users\gabnicor\OneDrive\Desktop\PWU_WEBPORTAL\config\config.php:8
Stack trace:
#0 C:\Users\gabnicor\OneDrive\Desktop\PWU_WEBPORTAL\config\config.php(8): mysqli_connect('localhost', 'root', Object(SensitiveParameterValue), 'system_pwu')
#1 C:\Users\gabnicor\OneDrive\Desktop\PWU_WEBPORTAL\loginpage.php(10): include('C:\\Users\\gabnic...')
#2 {main}
  thrown in C:\Users\gabnicor\OneDrive\Desktop\PWU_WEBPORTAL\config\config.php on line 8
[11-Oct-2025 03:36:44 Europe/Berlin] PHP Fatal error:  Uncaught mysqli_sql_exception: Unknown database 'system_pwu' in C:\Users\gabnicor\OneDrive\Desktop\PWU_WEBPORTAL\config\config.php:8
Stack trace:
#0 C:\Users\gabnicor\OneDrive\Desktop\PWU_WEBPORTAL\config\config.php(8): mysqli_connect('localhost', 'root', Object(SensitiveParameterValue), 'system_pwu')
#1 C:\Users\gabnicor\OneDrive\Desktop\PWU_WEBPORTAL\loginpage.php(10): include('C:\\Users\\gabnic...')
#2 {main}
  thrown in C:\Users\gabnicor\OneDrive\Desktop\PWU_WEBPORTAL\config\config.php on line 8
[11-Oct-2025 03:36:44 Europe/Berlin] PHP Fatal error:  Uncaught mysqli_sql_exception: Unknown database 'system_pwu' in C:\Users\gabnicor\OneDrive\Desktop\PWU_WEBPORTAL\config\config.php:8
Stack trace:
#0 C:\Users\gabnicor\OneDrive\Desktop\PWU_WEBPORTAL\config\config.php(8): mysqli_connect('localhost', 'root', Object(SensitiveParameterValue), 'system_pwu')
#1 C:\Users\gabnicor\OneDrive\Desktop\PWU_WEBPORTAL\loginpage.php(10): include('C:\\Users\\gabnic...')
#2 {main}
  thrown in C:\Users\gabnicor\OneDrive\Desktop\PWU_WEBPORTAL\config\config.php on line 8
[11-Oct-2025 03:36:45 Europe/Berlin] PHP Fatal error:  Uncaught mysqli_sql_exception: Unknown database 'system_pwu' in C:\Users\gabnicor\OneDrive\Desktop\PWU_WEBPORTAL\config\config.php:8
Stack trace:
#0 C:\Users\gabnicor\OneDrive\Desktop\PWU_WEBPORTAL\config\config.php(8): mysqli_connect('localhost', 'root', Object(SensitiveParameterValue), 'system_pwu')
#1 C:\Users\gabnicor\OneDrive\Desktop\PWU_WEBPORTAL\loginpage.php(10): include('C:\\Users\\gabnic...')
#2 {main}
  thrown in C:\Users\gabnicor\OneDrive\Desktop\PWU_WEBPORTAL\config\config.php on line 8
[11-Oct-2025 03:37:10 Europe/Berlin] PHP Fatal error:  Uncaught mysqli_sql_exception: Unknown database 'system_pwu' in C:\Users\gabnicor\OneDrive\Desktop\PWU_WEBPORTAL\config\config.php:8
Stack trace:
#0 C:\Users\gabnicor\OneDrive\Desktop\PWU_WEBPORTAL\config\config.php(8): mysqli_connect('localhost', 'root', Object(SensitiveParameterValue), 'system_pwu')
#1 C:\Users\gabnicor\OneDrive\Desktop\PWU_WEBPORTAL\loginpage.php(10): include('C:\\Users\\gabnic...')
#2 {main}
  thrown in C:\Users\gabnicor\OneDrive\Desktop\PWU_WEBPORTAL\config\config.php on line 8
[11-Oct-2025 03:37:30 Europe/Berlin] PHP Fatal error:  Uncaught mysqli_sql_exception: Unknown database 'system_pwu' in C:\Users\gabnicor\OneDrive\Desktop\PWU_WEBPORTAL\config\config.php:8
Stack trace:
#0 C:\Users\gabnicor\OneDrive\Desktop\PWU_WEBPORTAL\config\config.php(8): mysqli_connect('localhost', 'root', Object(SensitiveParameterValue), 'system_pwu')
#1 C:\Users\gabnicor\OneDrive\Desktop\PWU_WEBPORTAL\loginpage.php(10): include('C:\\Users\\gabnic...')
#2 {main}
  thrown in C:\Users\gabnicor\OneDrive\Desktop\PWU_WEBPORTAL\config\config.php on line 8
[11-Oct-2025 03:38:09 Europe/Berlin] PHP Fatal error:  Uncaught mysqli_sql_exception: Unknown database 'system_pwu' in C:\Users\gabnicor\OneDrive\Desktop\PWU_WEBPORTAL\config\config.php:8
Stack trace:
#0 C:\Users\gabnicor\OneDrive\Desktop\PWU_WEBPORTAL\config\config.php(8): mysqli_connect('localhost', 'root', Object(SensitiveParameterValue), 'system_pwu')
#1 C:\Users\gabnicor\OneDrive\Desktop\PWU_WEBPORTAL\loginpage.php(10): include('C:\\Users\\gabnic...')
#2 {main}
  thrown in C:\Users\gabnicor\OneDrive\Desktop\PWU_WEBPORTAL\config\config.php on line 8
[11-Oct-2025 03:38:12 Europe/Berlin] PHP Fatal error:  Uncaught mysqli_sql_exception: Unknown database 'system_pwu' in C:\Users\gabnicor\OneDrive\Desktop\PWU_WEBPORTAL\config\config.php:8
Stack trace:
#0 C:\Users\gabnicor\OneDrive\Desktop\PWU_WEBPORTAL\config\config.php(8): mysqli_connect('localhost', 'root', Object(SensitiveParameterValue), 'system_pwu')
#1 C:\Users\gabnicor\OneDrive\Desktop\PWU_WEBPORTAL\loginpage.php(10): include('C:\\Users\\gabnic...')
#2 {main}
  thrown in C:\Users\gabnicor\OneDrive\Desktop\PWU_WEBPORTAL\config\config.php on line 8
[11-Oct-2025 03:38:12 Europe/Berlin] PHP Fatal error:  Uncaught mysqli_sql_exception: Unknown database 'system_pwu' in C:\Users\gabnicor\OneDrive\Desktop\PWU_WEBPORTAL\config\config.php:8
Stack trace:
#0 C:\Users\gabnicor\OneDrive\Desktop\PWU_WEBPORTAL\config\config.php(8): mysqli_connect('localhost', 'root', Object(SensitiveParameterValue), 'system_pwu')
#1 C:\Users\gabnicor\OneDrive\Desktop\PWU_WEBPORTAL\loginpage.php(10): include('C:\\Users\\gabnic...')
#2 {main}
  thrown in C:\Users\gabnicor\OneDrive\Desktop\PWU_WEBPORTAL\config\config.php on line 8
[11-Oct-2025 03:38:13 Europe/Berlin] PHP Fatal error:  Uncaught mysqli_sql_exception: Unknown database 'system_pwu' in C:\Users\gabnicor\OneDrive\Desktop\PWU_WEBPORTAL\config\config.php:8
Stack trace:
#0 C:\Users\gabnicor\OneDrive\Desktop\PWU_WEBPORTAL\config\config.php(8): mysqli_connect('localhost', 'root', Object(SensitiveParameterValue), 'system_pwu')
#1 C:\Users\gabnicor\OneDrive\Desktop\PWU_WEBPORTAL\loginpage.php(10): include('C:\\Users\\gabnic...')
#2 {main}
  thrown in C:\Users\gabnicor\OneDrive\Desktop\PWU_WEBPORTAL\config\config.php on line 8
[11-Oct-2025 03:38:13 Europe/Berlin] PHP Fatal error:  Uncaught mysqli_sql_exception: Unknown database 'system_pwu' in C:\Users\gabnicor\OneDrive\Desktop\PWU_WEBPORTAL\config\config.php:8
Stack trace:
#0 C:\Users\gabnicor\OneDrive\Desktop\PWU_WEBPORTAL\config\config.php(8): mysqli_connect('localhost', 'root', Object(SensitiveParameterValue), 'system_pwu')
#1 C:\Users\gabnicor\OneDrive\Desktop\PWU_WEBPORTAL\loginpage.php(10): include('C:\\Users\\gabnic...')
#2 {main}
  thrown in C:\Users\gabnicor\OneDrive\Desktop\PWU_WEBPORTAL\config\config.php on line 8
[11-Oct-2025 03:38:40 Europe/Berlin] PHP Fatal error:  Uncaught mysqli_sql_exception: Unknown database 'system_pwu' in C:\Users\gabnicor\OneDrive\Desktop\PWU_WEBPORTAL\config\config.php:8
Stack trace:
#0 C:\Users\gabnicor\OneDrive\Desktop\PWU_WEBPORTAL\config\config.php(8): mysqli_connect('localhost', 'root', Object(SensitiveParameterValue), 'system_pwu')
#1 C:\Users\gabnicor\OneDrive\Desktop\PWU_WEBPORTAL\loginpage.php(10): include('C:\\Users\\gabnic...')
#2 {main}
  thrown in C:\Users\gabnicor\OneDrive\Desktop\PWU_WEBPORTAL\config\config.php on line 8
[11-Oct-2025 03:49:48 Europe/Berlin] PHP Fatal error:  Uncaught mysqli_sql_exception: No connection could be made because the target machine actively refused it in C:\Users\gabnicor\OneDrive\Desktop\PWU_WEBPORTAL\config\config.php:8
Stack trace:
#0 C:\Users\gabnicor\OneDrive\Desktop\PWU_WEBPORTAL\config\config.php(8): mysqli_connect('localhost', 'root', Object(SensitiveParameterValue), 'system_pwu')
#1 C:\Users\gabnicor\OneDrive\Desktop\PWU_WEBPORTAL\loginpage.php(10): include('C:\\Users\\gabnic...')
#2 {main}
  thrown in C:\Users\gabnicor\OneDrive\Desktop\PWU_WEBPORTAL\config\config.php on line 8
[11-Oct-2025 03:49:52 Europe/Berlin] PHP Fatal error:  Uncaught mysqli_sql_exception: No connection could be made because the target machine actively refused it in C:\Users\gabnicor\OneDrive\Desktop\PWU_WEBPORTAL\config\config.php:8
Stack trace:
#0 C:\Users\gabnicor\OneDrive\Desktop\PWU_WEBPORTAL\config\config.php(8): mysqli_connect('localhost', 'root', Object(SensitiveParameterValue), 'system_pwu')
#1 C:\Users\gabnicor\OneDrive\Desktop\PWU_WEBPORTAL\loginpage.php(10): include('C:\\Users\\gabnic...')
#2 {main}
  thrown in C:\Users\gabnicor\OneDrive\Desktop\PWU_WEBPORTAL\config\config.php on line 8
[11-Oct-2025 04:30:15 Europe/Berlin] PHP Fatal error:  Uncaught mysqli_sql_exception: Out of range value for column 'phoneNumber' at row 1 in C:\Users\gabnicor\OneDrive\Desktop\PWU_WEBPORTAL\signup.php:52
Stack trace:
#0 C:\Users\gabnicor\OneDrive\Desktop\PWU_WEBPORTAL\signup.php(52): mysqli_query(Object(mysqli), '\r\n             ...')
#1 {main}
  thrown in C:\Users\gabnicor\OneDrive\Desktop\PWU_WEBPORTAL\signup.php on line 52
[11-Oct-2025 04:32:24 Europe/Berlin] PHP Fatal error:  Uncaught mysqli_sql_exception: Out of range value for column 'phoneNumber' at row 1 in C:\Users\gabnicor\OneDrive\Desktop\PWU_WEBPORTAL\signup.php:52
Stack trace:
#0 C:\Users\gabnicor\OneDrive\Desktop\PWU_WEBPORTAL\signup.php(52): mysqli_query(Object(mysqli), '\r\n             ...')
#1 {main}
  thrown in C:\Users\gabnicor\OneDrive\Desktop\PWU_WEBPORTAL\signup.php on line 52
[11-Oct-2025 04:32:54 Europe/Berlin] PHP Fatal error:  Uncaught mysqli_sql_exception: Out of range value for column 'phoneNumber' at row 1 in C:\Users\gabnicor\OneDrive\Desktop\PWU_WEBPORTAL\signup.php:52
Stack trace:
#0 C:\Users\gabnicor\OneDrive\Desktop\PWU_WEBPORTAL\signup.php(52): mysqli_query(Object(mysqli), '\r\n             ...')
#1 {main}
  thrown in C:\Users\gabnicor\OneDrive\Desktop\PWU_WEBPORTAL\signup.php on line 52
[11-Oct-2025 04:33:32 Europe/Berlin] PHP Fatal error:  Uncaught mysqli_sql_exception: Out of range value for column 'phoneNumber' at row 1 in C:\Users\gabnicor\OneDrive\Desktop\PWU_WEBPORTAL\signup.php:52
Stack trace:
#0 C:\Users\gabnicor\OneDrive\Desktop\PWU_WEBPORTAL\signup.php(52): mysqli_query(Object(mysqli), '\r\n             ...')
#1 {main}
  thrown in C:\Users\gabnicor\OneDrive\Desktop\PWU_WEBPORTAL\signup.php on line 52
[13-Oct-2025 09:02:09 Europe/Berlin] PHP Warning:  Undefined variable $year in C:\Users\vince\OneDrive\Desktop\PWU_WEBPORTAL_updated\PWU_WEBPORTAL\signup.php on line 59
[13-Oct-2025 09:02:09 Europe/Berlin] PHP Warning:  Undefined variable $age in C:\Users\vince\OneDrive\Desktop\PWU_WEBPORTAL_updated\PWU_WEBPORTAL\signup.php on line 59
[13-Oct-2025 09:06:26 Europe/Berlin] PHP Warning:  Undefined variable $year in C:\Users\vince\OneDrive\Desktop\PWU_WEBPORTAL_updated\PWU_WEBPORTAL\signup.php on line 59
[13-Oct-2025 09:06:26 Europe/Berlin] PHP Warning:  Undefined variable $age in C:\Users\vince\OneDrive\Desktop\PWU_WEBPORTAL_updated\PWU_WEBPORTAL\signup.php on line 59
[15-Oct-2025 10:33:49 Europe/Berlin] PHP Warning:  Undefined variable $year in C:\Users\vince\OneDrive\Desktop\PWU_WEBPORTAL_updated\PWU_WEBPORTAL\signup.php on line 59
[15-Oct-2025 10:33:49 Europe/Berlin] PHP Warning:  Undefined variable $age in C:\Users\vince\OneDrive\Desktop\PWU_WEBPORTAL_updated\PWU_WEBPORTAL\signup.php on line 59
[15-Oct-2025 10:37:08 Europe/Berlin] PHP Warning:  Undefined variable $age in C:\Users\vince\OneDrive\Desktop\PWU_WEBPORTAL_updated\PWU_WEBPORTAL\signup.php on line 60
[15-Oct-2025 10:37:08 Europe/Berlin] PHP Fatal error:  Uncaught mysqli_sql_exception: Column 'year' specified twice in C:\Users\vince\OneDrive\Desktop\PWU_WEBPORTAL_updated\PWU_WEBPORTAL\signup.php:58
Stack trace:
#0 C:\Users\vince\OneDrive\Desktop\PWU_WEBPORTAL_updated\PWU_WEBPORTAL\signup.php(58): mysqli_query(Object(mysqli), '\r\n             ...')
#1 {main}
  thrown in C:\Users\vince\OneDrive\Desktop\PWU_WEBPORTAL_updated\PWU_WEBPORTAL\signup.php on line 58
[15-Oct-2025 10:40:32 Europe/Berlin] PHP Fatal error:  Uncaught mysqli_sql_exception: Column 'year' specified twice in C:\Users\vince\OneDrive\Desktop\PWU_WEBPORTAL_updated\PWU_WEBPORTAL\signup.php:58
Stack trace:
#0 C:\Users\vince\OneDrive\Desktop\PWU_WEBPORTAL_updated\PWU_WEBPORTAL\signup.php(58): mysqli_query(Object(mysqli), '\r\n             ...')
#1 {main}
  thrown in C:\Users\vince\OneDrive\Desktop\PWU_WEBPORTAL_updated\PWU_WEBPORTAL\signup.php on line 58
[15-Oct-2025 12:07:04 Europe/Berlin] PHP Fatal error:  Uncaught mysqli_sql_exception: Unknown column 'course' in 'field list' in C:\Users\vince\OneDrive\Desktop\PWU_WEBPORTAL_updated\PWU_WEBPORTAL\signup.php:58
Stack trace:
#0 C:\Users\vince\OneDrive\Desktop\PWU_WEBPORTAL_updated\PWU_WEBPORTAL\signup.php(58): mysqli_query(Object(mysqli), '\r\n             ...')
#1 {main}
  thrown in C:\Users\vince\OneDrive\Desktop\PWU_WEBPORTAL_updated\PWU_WEBPORTAL\signup.php on line 58
[15-Oct-2025 12:13:07 Europe/Berlin] PHP Fatal error:  Uncaught mysqli_sql_exception: Unknown column 'course' in 'field list' in C:\Users\vince\OneDrive\Desktop\PWU_WEBPORTAL_updated\PWU_WEBPORTAL\signup.php:59
Stack trace:
#0 C:\Users\vince\OneDrive\Desktop\PWU_WEBPORTAL_updated\PWU_WEBPORTAL\signup.php(59): mysqli_query(Object(mysqli), '\r\n             ...')
#1 {main}
  thrown in C:\Users\vince\OneDrive\Desktop\PWU_WEBPORTAL_updated\PWU_WEBPORTAL\signup.php on line 59
[15-Oct-2025 12:13:56 Europe/Berlin] PHP Fatal error:  Uncaught mysqli_sql_exception: Unknown column 'course' in 'field list' in C:\Users\vince\OneDrive\Desktop\PWU_WEBPORTAL_updated\PWU_WEBPORTAL\signup.php:59
Stack trace:
#0 C:\Users\vince\OneDrive\Desktop\PWU_WEBPORTAL_updated\PWU_WEBPORTAL\signup.php(59): mysqli_query(Object(mysqli), '\r\n             ...')
#1 {main}
  thrown in C:\Users\vince\OneDrive\Desktop\PWU_WEBPORTAL_updated\PWU_WEBPORTAL\signup.php on line 59
[15-Oct-2025 12:14:44 Europe/Berlin] PHP Fatal error:  Uncaught mysqli_sql_exception: Unknown column 'location' in 'field list' in C:\Users\vince\OneDrive\Desktop\PWU_WEBPORTAL_updated\PWU_WEBPORTAL\signup.php:59
Stack trace:
#0 C:\Users\vince\OneDrive\Desktop\PWU_WEBPORTAL_updated\PWU_WEBPORTAL\signup.php(59): mysqli_query(Object(mysqli), '\r\n             ...')
#1 {main}
  thrown in C:\Users\vince\OneDrive\Desktop\PWU_WEBPORTAL_updated\PWU_WEBPORTAL\signup.php on line 59
[15-Oct-2025 12:16:02 Europe/Berlin] PHP Fatal error:  Uncaught mysqli_sql_exception: Unknown column 'postalCode' in 'field list' in C:\Users\vince\OneDrive\Desktop\PWU_WEBPORTAL_updated\PWU_WEBPORTAL\signup.php:59
Stack trace:
#0 C:\Users\vince\OneDrive\Desktop\PWU_WEBPORTAL_updated\PWU_WEBPORTAL\signup.php(59): mysqli_query(Object(mysqli), '\r\n             ...')
#1 {main}
  thrown in C:\Users\vince\OneDrive\Desktop\PWU_WEBPORTAL_updated\PWU_WEBPORTAL\signup.php on line 59
[15-Oct-2025 12:16:47 Europe/Berlin] PHP Fatal error:  Uncaught mysqli_sql_exception: Cannot add or update a child row: a foreign key constraint fails (`system_pwu`.`students`, CONSTRAINT `students_ibfk_1` FOREIGN KEY (`course_id`) REFERENCES `courses` (`id`) ON DELETE CASCADE ON UPDATE CASCADE) in C:\Users\vince\OneDrive\Desktop\PWU_WEBPORTAL_updated\PWU_WEBPORTAL\signup.php:59
Stack trace:
#0 C:\Users\vince\OneDrive\Desktop\PWU_WEBPORTAL_updated\PWU_WEBPORTAL\signup.php(59): mysqli_query(Object(mysqli), '\r\n             ...')
#1 {main}
  thrown in C:\Users\vince\OneDrive\Desktop\PWU_WEBPORTAL_updated\PWU_WEBPORTAL\signup.php on line 59
[15-Oct-2025 12:31:12 Europe/Berlin] PHP Fatal error:  Uncaught mysqli_sql_exception: Unknown column 'id' in 'field list' in C:\Users\vince\OneDrive\Desktop\PWU_WEBPORTAL_updated\PWU_WEBPORTAL\signup.php:60
Stack trace:
#0 C:\Users\vince\OneDrive\Desktop\PWU_WEBPORTAL_updated\PWU_WEBPORTAL\signup.php(60): mysqli_query(Object(mysqli), 'SELECT id FROM ...')
#1 {main}
  thrown in C:\Users\vince\OneDrive\Desktop\PWU_WEBPORTAL_updated\PWU_WEBPORTAL\signup.php on line 60
[15-Oct-2025 12:32:15 Europe/Berlin] PHP Warning:  Undefined array key "id" in C:\Users\vince\OneDrive\Desktop\PWU_WEBPORTAL_updated\PWU_WEBPORTAL\signup.php on line 63
[15-Oct-2025 12:32:15 Europe/Berlin] PHP Fatal error:  Uncaught mysqli_sql_exception: Cannot add or update a child row: a foreign key constraint fails (`system_pwu`.`students`, CONSTRAINT `students_ibfk_1` FOREIGN KEY (`course_id`) REFERENCES `courses` (`id`) ON DELETE CASCADE ON UPDATE CASCADE) in C:\Users\vince\OneDrive\Desktop\PWU_WEBPORTAL_updated\PWU_WEBPORTAL\signup.php:68
Stack trace:
#0 C:\Users\vince\OneDrive\Desktop\PWU_WEBPORTAL_updated\PWU_WEBPORTAL\signup.php(68): mysqli_query(Object(mysqli), '\r\n             ...')
#1 {main}
  thrown in C:\Users\vince\OneDrive\Desktop\PWU_WEBPORTAL_updated\PWU_WEBPORTAL\signup.php on line 68
[15-Oct-2025 12:33:39 Europe/Berlin] PHP Warning:  Undefined variable $courseQuery in C:\Users\vince\OneDrive\Desktop\PWU_WEBPORTAL_updated\PWU_WEBPORTAL\signup.php on line 61
[15-Oct-2025 12:33:39 Europe/Berlin] PHP Fatal error:  Uncaught TypeError: mysqli_num_rows(): Argument #1 ($result) must be of type mysqli_result, null given in C:\Users\vince\OneDrive\Desktop\PWU_WEBPORTAL_updated\PWU_WEBPORTAL\signup.php:61
Stack trace:
#0 C:\Users\vince\OneDrive\Desktop\PWU_WEBPORTAL_updated\PWU_WEBPORTAL\signup.php(61): mysqli_num_rows(NULL)
#1 {main}
  thrown in C:\Users\vince\OneDrive\Desktop\PWU_WEBPORTAL_updated\PWU_WEBPORTAL\signup.php on line 61
[15-Oct-2025 12:39:49 Europe/Berlin] PHP Fatal error:  Uncaught mysqli_sql_exception: Cannot add or update a child row: a foreign key constraint fails (`system_pwu`.`students`, CONSTRAINT `students_ibfk_1` FOREIGN KEY (`course_id`) REFERENCES `courses` (`id`) ON DELETE CASCADE ON UPDATE CASCADE) in C:\Users\vince\OneDrive\Desktop\PWU_WEBPORTAL_updated\PWU_WEBPORTAL\signup.php:80
Stack trace:
#0 C:\Users\vince\OneDrive\Desktop\PWU_WEBPORTAL_updated\PWU_WEBPORTAL\signup.php(80): mysqli_query(Object(mysqli), '\r\n             ...')
#1 {main}
  thrown in C:\Users\vince\OneDrive\Desktop\PWU_WEBPORTAL_updated\PWU_WEBPORTAL\signup.php on line 80
[15-Oct-2025 12:59:51 Europe/Berlin] PHP Fatal error:  Uncaught mysqli_sql_exception: Cannot add or update a child row: a foreign key constraint fails (`system_pwu`.`students`, CONSTRAINT `students_ibfk_1` FOREIGN KEY (`course_id`) REFERENCES `courses` (`id`) ON DELETE CASCADE ON UPDATE CASCADE) in C:\Users\vince\OneDrive\Desktop\PWU_WEBPORTAL_updated\PWU_WEBPORTAL\signup.php:74
Stack trace:
#0 C:\Users\vince\OneDrive\Desktop\PWU_WEBPORTAL_updated\PWU_WEBPORTAL\signup.php(74): mysqli_query(Object(mysqli), '\r\n             ...')
#1 {main}
  thrown in C:\Users\vince\OneDrive\Desktop\PWU_WEBPORTAL_updated\PWU_WEBPORTAL\signup.php on line 74
[15-Oct-2025 13:03:46 Europe/Berlin] PHP Fatal error:  Uncaught mysqli_sql_exception: Cannot add or update a child row: a foreign key constraint fails (`system_pwu`.`students`, CONSTRAINT `students_ibfk_1` FOREIGN KEY (`course_id`) REFERENCES `courses` (`id`) ON DELETE CASCADE ON UPDATE CASCADE) in C:\Users\vince\OneDrive\Desktop\PWU_WEBPORTAL_updated\PWU_WEBPORTAL\signup.php:76
Stack trace:
#0 C:\Users\vince\OneDrive\Desktop\PWU_WEBPORTAL_updated\PWU_WEBPORTAL\signup.php(76): mysqli_query(Object(mysqli), '\r\n             ...')
#1 {main}
  thrown in C:\Users\vince\OneDrive\Desktop\PWU_WEBPORTAL_updated\PWU_WEBPORTAL\signup.php on line 76
[15-Oct-2025 13:06:55 Europe/Berlin] PHP Fatal error:  Uncaught mysqli_sql_exception: Cannot add or update a child row: a foreign key constraint fails (`system_pwu`.`students`, CONSTRAINT `students_ibfk_1` FOREIGN KEY (`course_id`) REFERENCES `courses` (`id`) ON DELETE CASCADE ON UPDATE CASCADE) in C:\Users\vince\OneDrive\Desktop\PWU_WEBPORTAL_updated\PWU_WEBPORTAL\signup.php:76
Stack trace:
#0 C:\Users\vince\OneDrive\Desktop\PWU_WEBPORTAL_updated\PWU_WEBPORTAL\signup.php(76): mysqli_query(Object(mysqli), '\r\n             ...')
#1 {main}
  thrown in C:\Users\vince\OneDrive\Desktop\PWU_WEBPORTAL_updated\PWU_WEBPORTAL\signup.php on line 76
[15-Oct-2025 13:10:28 Europe/Berlin] PHP Warning:  Undefined variable $departments in C:\Users\vince\OneDrive\Desktop\PWU_WEBPORTAL_updated\PWU_WEBPORTAL\signup.php on line 151
[15-Oct-2025 13:10:28 Europe/Berlin] PHP Warning:  foreach() argument must be of type array|object, null given in C:\Users\vince\OneDrive\Desktop\PWU_WEBPORTAL_updated\PWU_WEBPORTAL\signup.php on line 151
[15-Oct-2025 13:23:09 Europe/Berlin] PHP Warning:  Undefined variable $departments in C:\Users\vince\OneDrive\Desktop\PWU_WEBPORTAL_updated\PWU_WEBPORTAL\signup.php on line 150
[15-Oct-2025 13:23:09 Europe/Berlin] PHP Warning:  foreach() argument must be of type array|object, null given in C:\Users\vince\OneDrive\Desktop\PWU_WEBPORTAL_updated\PWU_WEBPORTAL\signup.php on line 150
[15-Oct-2025 13:40:43 Europe/Berlin] PHP Fatal error:  Uncaught mysqli_sql_exception: Cannot add or update a child row: a foreign key constraint fails (`system_pwu`.`students`, CONSTRAINT `students_ibfk_1` FOREIGN KEY (`course_id`) REFERENCES `courses` (`id`) ON DELETE CASCADE ON UPDATE CASCADE) in C:\Users\vince\OneDrive\Desktop\PWU_WEBPORTAL_updated\PWU_WEBPORTAL\signup.php:73
Stack trace:
#0 C:\Users\vince\OneDrive\Desktop\PWU_WEBPORTAL_updated\PWU_WEBPORTAL\signup.php(73): mysqli_query(Object(mysqli), '\r\n             ...')
#1 {main}
  thrown in C:\Users\vince\OneDrive\Desktop\PWU_WEBPORTAL_updated\PWU_WEBPORTAL\signup.php on line 73
[15-Oct-2025 14:21:53 Europe/Berlin] PHP Fatal error:  Uncaught mysqli_sql_exception: Cannot add or update a child row: a foreign key constraint fails (`system_pwu`.`students`, CONSTRAINT `students_ibfk_1` FOREIGN KEY (`course_id`) REFERENCES `courses` (`id`) ON DELETE CASCADE ON UPDATE CASCADE) in C:\Users\vince\OneDrive\Desktop\PWU_WEBPORTAL_updated\PWU_WEBPORTAL\signup.php:80
Stack trace:
#0 C:\Users\vince\OneDrive\Desktop\PWU_WEBPORTAL_updated\PWU_WEBPORTAL\signup.php(80): mysqli_query(Object(mysqli), '\r\n             ...')
#1 {main}
  thrown in C:\Users\vince\OneDrive\Desktop\PWU_WEBPORTAL_updated\PWU_WEBPORTAL\signup.php on line 80
[15-Oct-2025 14:23:36 Europe/Berlin] PHP Fatal error:  Uncaught mysqli_sql_exception: Cannot add or update a child row: a foreign key constraint fails (`system_pwu`.`students`, CONSTRAINT `students_ibfk_1` FOREIGN KEY (`course_id`) REFERENCES `courses` (`id`) ON DELETE CASCADE ON UPDATE CASCADE) in C:\Users\vince\OneDrive\Desktop\PWU_WEBPORTAL_updated\PWU_WEBPORTAL\signup.php:80
Stack trace:
#0 C:\Users\vince\OneDrive\Desktop\PWU_WEBPORTAL_updated\PWU_WEBPORTAL\signup.php(80): mysqli_query(Object(mysqli), '\r\n             ...')
#1 {main}
  thrown in C:\Users\vince\OneDrive\Desktop\PWU_WEBPORTAL_updated\PWU_WEBPORTAL\signup.php on line 80
[15-Oct-2025 14:28:38 Europe/Berlin] PHP Fatal error:  Uncaught mysqli_sql_exception: Cannot add or update a child row: a foreign key constraint fails (`system_pwu`.`students`, CONSTRAINT `students_ibfk_2` FOREIGN KEY (`department_id`) REFERENCES `departments` (`department_id`) ON DELETE CASCADE ON UPDATE CASCADE) in C:\Users\vince\OneDrive\Desktop\PWU_WEBPORTAL_updated\PWU_WEBPORTAL\signup.php:85
Stack trace:
#0 C:\Users\vince\OneDrive\Desktop\PWU_WEBPORTAL_updated\PWU_WEBPORTAL\signup.php(85): mysqli_query(Object(mysqli), '\r\n             ...')
#1 {main}
  thrown in C:\Users\vince\OneDrive\Desktop\PWU_WEBPORTAL_updated\PWU_WEBPORTAL\signup.php on line 85
[15-Oct-2025 15:00:45 Europe/Berlin] PHP Fatal error:  Uncaught mysqli_sql_exception: Cannot add or update a child row: a foreign key constraint fails (`system_pwu`.`students`, CONSTRAINT `students_ibfk_2` FOREIGN KEY (`department_id`) REFERENCES `departments` (`department_id`) ON DELETE CASCADE ON UPDATE CASCADE) in C:\Users\vince\OneDrive\Desktop\PWU_WEBPORTAL_updated\PWU_WEBPORTAL\signup.php:70
Stack trace:
#0 C:\Users\vince\OneDrive\Desktop\PWU_WEBPORTAL_updated\PWU_WEBPORTAL\signup.php(70): mysqli_query(Object(mysqli), '\r\n             ...')
#1 {main}
  thrown in C:\Users\vince\OneDrive\Desktop\PWU_WEBPORTAL_updated\PWU_WEBPORTAL\signup.php on line 70
[15-Oct-2025 18:28:13 Europe/Berlin] PHP Fatal error:  Uncaught mysqli_sql_exception: Unknown column 'id' in 'field list' in C:\Users\vince\OneDrive\Desktop\PWU_WEBPORTAL_updated\PWU_WEBPORTAL\signup.php:64
Stack trace:
#0 C:\Users\vince\OneDrive\Desktop\PWU_WEBPORTAL_updated\PWU_WEBPORTAL\signup.php(64): mysqli_query(Object(mysqli), 'SELECT id FROM ...')
#1 {main}
  thrown in C:\Users\vince\OneDrive\Desktop\PWU_WEBPORTAL_updated\PWU_WEBPORTAL\signup.php on line 64
[15-Oct-2025 19:51:25 Europe/Berlin] PHP Warning:  Undefined array key "course" in C:\Users\vince\OneDrive\Desktop\PWU_WEBPORTAL_updated\PWU_WEBPORTAL\signup.php on line 34
[15-Oct-2025 19:51:25 Europe/Berlin] PHP Deprecated:  mysqli_real_escape_string(): Passing null to parameter #2 ($string) of type string is deprecated in C:\Users\vince\OneDrive\Desktop\PWU_WEBPORTAL_updated\PWU_WEBPORTAL\signup.php on line 34
[15-Oct-2025 19:51:25 Europe/Berlin] PHP Warning:  Undefined variable $age in C:\Users\vince\OneDrive\Desktop\PWU_WEBPORTAL_updated\PWU_WEBPORTAL\signup.php on line 64
[15-Oct-2025 19:51:25 Europe/Berlin] PHP Fatal error:  Uncaught mysqli_sql_exception: Unknown column 'age' in 'field list' in C:\Users\vince\OneDrive\Desktop\PWU_WEBPORTAL_updated\PWU_WEBPORTAL\signup.php:60
Stack trace:
#0 C:\Users\vince\OneDrive\Desktop\PWU_WEBPORTAL_updated\PWU_WEBPORTAL\signup.php(60): mysqli_query(Object(mysqli), '\r\n             ...')
#1 {main}
  thrown in C:\Users\vince\OneDrive\Desktop\PWU_WEBPORTAL_updated\PWU_WEBPORTAL\signup.php on line 60
[15-Oct-2025 20:03:50 Europe/Berlin] PHP Warning:  Undefined variable $course in C:\Users\vince\OneDrive\Desktop\PWU_WEBPORTAL_updated\PWU_WEBPORTAL\signup.php on line 72
[15-Oct-2025 20:03:50 Europe/Berlin] PHP Warning:  Undefined variable $postalCode in C:\Users\vince\OneDrive\Desktop\PWU_WEBPORTAL_updated\PWU_WEBPORTAL\signup.php on line 78
[15-Oct-2025 20:03:50 Europe/Berlin] PHP Fatal error:  Uncaught mysqli_sql_exception: You have an error in your SQL syntax; check the manual that corresponds to your MariaDB server version for the right syntax to use near ')' at line 16 in C:\Users\vince\OneDrive\Desktop\PWU_WEBPORTAL_updated\PWU_WEBPORTAL\signup.php:64
Stack trace:
#0 C:\Users\vince\OneDrive\Desktop\PWU_WEBPORTAL_updated\PWU_WEBPORTAL\signup.php(64): mysqli_query(Object(mysqli), '\r\n            I...')
#1 {main}
  thrown in C:\Users\vince\OneDrive\Desktop\PWU_WEBPORTAL_updated\PWU_WEBPORTAL\signup.php on line 64
[15-Oct-2025 20:07:08 Europe/Berlin] PHP Warning:  Undefined array key "postalCode" in C:\Users\vince\OneDrive\Desktop\PWU_WEBPORTAL_updated\PWU_WEBPORTAL\signup.php on line 34
[15-Oct-2025 20:07:08 Europe/Berlin] PHP Deprecated:  mysqli_real_escape_string(): Passing null to parameter #2 ($string) of type string is deprecated in C:\Users\vince\OneDrive\Desktop\PWU_WEBPORTAL_updated\PWU_WEBPORTAL\signup.php on line 34
[15-Oct-2025 20:07:08 Europe/Berlin] PHP Fatal error:  Uncaught mysqli_sql_exception: You have an error in your SQL syntax; check the manual that corresponds to your MariaDB server version for the right syntax to use near ')' at line 16 in C:\Users\vince\OneDrive\Desktop\PWU_WEBPORTAL_updated\PWU_WEBPORTAL\signup.php:65
Stack trace:
#0 C:\Users\vince\OneDrive\Desktop\PWU_WEBPORTAL_updated\PWU_WEBPORTAL\signup.php(65): mysqli_query(Object(mysqli), '\r\n            I...')
#1 {main}
  thrown in C:\Users\vince\OneDrive\Desktop\PWU_WEBPORTAL_updated\PWU_WEBPORTAL\signup.php on line 65
[15-Oct-2025 20:08:25 Europe/Berlin] PHP Warning:  Undefined array key "postalCode" in C:\Users\vince\OneDrive\Desktop\PWU_WEBPORTAL_updated\PWU_WEBPORTAL\signup.php on line 34
[15-Oct-2025 20:08:25 Europe/Berlin] PHP Deprecated:  mysqli_real_escape_string(): Passing null to parameter #2 ($string) of type string is deprecated in C:\Users\vince\OneDrive\Desktop\PWU_WEBPORTAL_updated\PWU_WEBPORTAL\signup.php on line 34
[15-Oct-2025 20:08:25 Europe/Berlin] PHP Fatal error:  Uncaught mysqli_sql_exception: You have an error in your SQL syntax; check the manual that corresponds to your MariaDB server version for the right syntax to use near ')' at line 16 in C:\Users\vince\OneDrive\Desktop\PWU_WEBPORTAL_updated\PWU_WEBPORTAL\signup.php:65
Stack trace:
#0 C:\Users\vince\OneDrive\Desktop\PWU_WEBPORTAL_updated\PWU_WEBPORTAL\signup.php(65): mysqli_query(Object(mysqli), '\r\n            I...')
#1 {main}
  thrown in C:\Users\vince\OneDrive\Desktop\PWU_WEBPORTAL_updated\PWU_WEBPORTAL\signup.php on line 65
[15-Oct-2025 20:08:44 Europe/Berlin] PHP Warning:  Undefined array key "postalCode" in C:\Users\vince\OneDrive\Desktop\PWU_WEBPORTAL_updated\PWU_WEBPORTAL\signup.php on line 34
[15-Oct-2025 20:08:44 Europe/Berlin] PHP Deprecated:  mysqli_real_escape_string(): Passing null to parameter #2 ($string) of type string is deprecated in C:\Users\vince\OneDrive\Desktop\PWU_WEBPORTAL_updated\PWU_WEBPORTAL\signup.php on line 34
[15-Oct-2025 20:08:44 Europe/Berlin] PHP Fatal error:  Uncaught mysqli_sql_exception: Column count doesn't match value count at row 1 in C:\Users\vince\OneDrive\Desktop\PWU_WEBPORTAL_updated\PWU_WEBPORTAL\signup.php:65
Stack trace:
#0 C:\Users\vince\OneDrive\Desktop\PWU_WEBPORTAL_updated\PWU_WEBPORTAL\signup.php(65): mysqli_query(Object(mysqli), '\r\n            I...')
#1 {main}
  thrown in C:\Users\vince\OneDrive\Desktop\PWU_WEBPORTAL_updated\PWU_WEBPORTAL\signup.php on line 65
[15-Oct-2025 20:10:08 Europe/Berlin] PHP Warning:  Undefined array key "postalCode" in C:\Users\vince\OneDrive\Desktop\PWU_WEBPORTAL_updated\PWU_WEBPORTAL\signup.php on line 34
[15-Oct-2025 20:10:08 Europe/Berlin] PHP Deprecated:  mysqli_real_escape_string(): Passing null to parameter #2 ($string) of type string is deprecated in C:\Users\vince\OneDrive\Desktop\PWU_WEBPORTAL_updated\PWU_WEBPORTAL\signup.php on line 34
[15-Oct-2025 20:10:08 Europe/Berlin] PHP Fatal error:  Uncaught mysqli_sql_exception: Column count doesn't match value count at row 1 in C:\Users\vince\OneDrive\Desktop\PWU_WEBPORTAL_updated\PWU_WEBPORTAL\signup.php:65
Stack trace:
#0 C:\Users\vince\OneDrive\Desktop\PWU_WEBPORTAL_updated\PWU_WEBPORTAL\signup.php(65): mysqli_query(Object(mysqli), '\r\n            I...')
#1 {main}
  thrown in C:\Users\vince\OneDrive\Desktop\PWU_WEBPORTAL_updated\PWU_WEBPORTAL\signup.php on line 65
[15-Oct-2025 20:12:49 Europe/Berlin] PHP Fatal error:  Uncaught mysqli_sql_exception: Unknown column 'department_id' in 'field list' in C:\Users\vince\OneDrive\Desktop\PWU_WEBPORTAL_updated\PWU_WEBPORTAL\signup.php:65
Stack trace:
#0 C:\Users\vince\OneDrive\Desktop\PWU_WEBPORTAL_updated\PWU_WEBPORTAL\signup.php(65): mysqli_query(Object(mysqli), '\r\n            I...')
#1 {main}
  thrown in C:\Users\vince\OneDrive\Desktop\PWU_WEBPORTAL_updated\PWU_WEBPORTAL\signup.php on line 65
[15-Oct-2025 20:13:12 Europe/Berlin] PHP Warning:  Undefined variable $course in C:\Users\vince\OneDrive\Desktop\PWU_WEBPORTAL_updated\PWU_WEBPORTAL\signup.php on line 73
[16-Oct-2025 09:28:32 Europe/Berlin] PHP Warning:  Undefined variable $course in C:\Users\vince\OneDrive\Desktop\PWU_WEBPORTAL_updated\PWU_WEBPORTAL\signup.php on line 73
[16-Oct-2025 18:56:14 Europe/Berlin] PHP Warning:  Undefined variable $course in C:\Users\vince\OneDrive\Desktop\PWU_WEBPORTAL_updated\PWU_WEBPORTAL\signup.php on line 73
[16-Oct-2025 19:56:49 Europe/Berlin] PHP Fatal error:  Uncaught TypeError: mysqli_real_escape_string(): Argument #1 ($mysql) must be of type mysqli, null given in C:\Users\vince\OneDrive\Desktop\PWU_WEBPORTAL_updated\PWU_WEBPORTAL\loginpage.php:26
Stack trace:
#0 C:\Users\vince\OneDrive\Desktop\PWU_WEBPORTAL_updated\PWU_WEBPORTAL\loginpage.php(26): mysqli_real_escape_string(NULL, 'ZIMBABWE@gmail....')
#1 {main}
  thrown in C:\Users\vince\OneDrive\Desktop\PWU_WEBPORTAL_updated\PWU_WEBPORTAL\loginpage.php on line 26
[16-Oct-2025 19:57:57 Europe/Berlin] PHP Fatal error:  Uncaught TypeError: mysqli_real_escape_string(): Argument #1 ($mysql) must be of type mysqli, null given in C:\Users\vince\OneDrive\Desktop\PWU_WEBPORTAL_updated\PWU_WEBPORTAL\loginpage.php:26
Stack trace:
#0 C:\Users\vince\OneDrive\Desktop\PWU_WEBPORTAL_updated\PWU_WEBPORTAL\loginpage.php(26): mysqli_real_escape_string(NULL, 'ZIMBABWE@gmail....')
#1 {main}
  thrown in C:\Users\vince\OneDrive\Desktop\PWU_WEBPORTAL_updated\PWU_WEBPORTAL\loginpage.php on line 26
[16-Oct-2025 19:57:58 Europe/Berlin] PHP Fatal error:  Uncaught TypeError: mysqli_real_escape_string(): Argument #1 ($mysql) must be of type mysqli, null given in C:\Users\vince\OneDrive\Desktop\PWU_WEBPORTAL_updated\PWU_WEBPORTAL\loginpage.php:26
Stack trace:
#0 C:\Users\vince\OneDrive\Desktop\PWU_WEBPORTAL_updated\PWU_WEBPORTAL\loginpage.php(26): mysqli_real_escape_string(NULL, 'ZIMBABWE@gmail....')
#1 {main}
  thrown in C:\Users\vince\OneDrive\Desktop\PWU_WEBPORTAL_updated\PWU_WEBPORTAL\loginpage.php on line 26
[16-Oct-2025 19:59:33 Europe/Berlin] PHP Fatal error:  Uncaught TypeError: mysqli_real_escape_string(): Argument #1 ($mysql) must be of type mysqli, null given in C:\Users\vince\OneDrive\Desktop\PWU_WEBPORTAL_updated\PWU_WEBPORTAL\loginpage.php:26
Stack trace:
#0 C:\Users\vince\OneDrive\Desktop\PWU_WEBPORTAL_updated\PWU_WEBPORTAL\loginpage.php(26): mysqli_real_escape_string(NULL, 'ZIMBABWE@gmail....')
#1 {main}
  thrown in C:\Users\vince\OneDrive\Desktop\PWU_WEBPORTAL_updated\PWU_WEBPORTAL\loginpage.php on line 26
[16-Oct-2025 19:59:59 Europe/Berlin] PHP Fatal error:  Uncaught TypeError: mysqli_real_escape_string(): Argument #1 ($mysql) must be of type mysqli, null given in C:\Users\vince\OneDrive\Desktop\PWU_WEBPORTAL_updated\PWU_WEBPORTAL\loginpage.php:26
Stack trace:
#0 C:\Users\vince\OneDrive\Desktop\PWU_WEBPORTAL_updated\PWU_WEBPORTAL\loginpage.php(26): mysqli_real_escape_string(NULL, 'ZIMBABWE@gmail....')
#1 {main}
  thrown in C:\Users\vince\OneDrive\Desktop\PWU_WEBPORTAL_updated\PWU_WEBPORTAL\loginpage.php on line 26
[16-Oct-2025 20:01:17 Europe/Berlin] PHP Fatal error:  Uncaught TypeError: mysqli_real_escape_string(): Argument #1 ($mysql) must be of type mysqli, null given in C:\Users\vince\OneDrive\Desktop\PWU_WEBPORTAL_updated\PWU_WEBPORTAL\loginpage.php:26
Stack trace:
#0 C:\Users\vince\OneDrive\Desktop\PWU_WEBPORTAL_updated\PWU_WEBPORTAL\loginpage.php(26): mysqli_real_escape_string(NULL, 'ZIMBABWE@gmail....')
#1 {main}
  thrown in C:\Users\vince\OneDrive\Desktop\PWU_WEBPORTAL_updated\PWU_WEBPORTAL\loginpage.php on line 26
[16-Oct-2025 20:11:35 Europe/Berlin] PHP Warning:  Undefined variable $course in C:\Users\vince\OneDrive\Desktop\PWU_WEBPORTAL_updated\PWU_WEBPORTAL\signup.php on line 73
[16-Oct-2025 20:47:18 Europe/Berlin] PHP Warning:  Undefined variable $course in C:\Users\vince\OneDrive\Desktop\PWU_WEBPORTAL_updated\PWU_WEBPORTAL\signup.php on line 73
[16-Oct-2025 20:50:19 Europe/Berlin] PHP Warning:  Undefined variable $course in C:\Users\vince\OneDrive\Desktop\PWU_WEBPORTAL_updated\PWU_WEBPORTAL\signup.php on line 73
[17-Oct-2025 07:14:00 Europe/Berlin] PHP Warning:  Undefined variable $course in C:\Users\vince\OneDrive\Desktop\PWU_WEBPORTAL_updated\PWU_WEBPORTAL\signup.php on line 73
[17-Oct-2025 09:11:23 Europe/Berlin] PHP Warning:  Undefined variable $course in C:\Users\vince\OneDrive\Desktop\PWU_WEBPORTAL_updated\PWU_WEBPORTAL\signup.php on line 73
[17-Oct-2025 09:13:51 Europe/Berlin] PHP Warning:  Undefined variable $course in C:\Users\vince\OneDrive\Desktop\PWU_WEBPORTAL_updated\PWU_WEBPORTAL\signup.php on line 73
[17-Oct-2025 09:16:59 Europe/Berlin] PHP Warning:  Undefined variable $course in C:\Users\vince\OneDrive\Desktop\PWU_WEBPORTAL_updated\PWU_WEBPORTAL\signup.php on line 73
[17-Oct-2025 09:19:20 Europe/Berlin] PHP Warning:  Undefined variable $course in C:\Users\vince\OneDrive\Desktop\PWU_WEBPORTAL_updated\PWU_WEBPORTAL\signup.php on line 73
[17-Oct-2025 09:21:43 Europe/Berlin] PHP Warning:  Undefined variable $course in C:\Users\vince\OneDrive\Desktop\PWU_WEBPORTAL_updated\PWU_WEBPORTAL\signup.php on line 73
[17-Oct-2025 09:23:36 Europe/Berlin] PHP Warning:  Undefined variable $course in C:\Users\vince\OneDrive\Desktop\PWU_WEBPORTAL_updated\PWU_WEBPORTAL\signup.php on line 73
[17-Oct-2025 09:25:20 Europe/Berlin] PHP Warning:  Undefined variable $course in C:\Users\vince\OneDrive\Desktop\PWU_WEBPORTAL_updated\PWU_WEBPORTAL\signup.php on line 73
[17-Oct-2025 09:30:18 Europe/Berlin] PHP Warning:  Undefined variable $course in C:\Users\vince\OneDrive\Desktop\PWU_WEBPORTAL_updated\PWU_WEBPORTAL\signup.php on line 73
[17-Oct-2025 09:35:17 Europe/Berlin] PHP Warning:  Undefined variable $course in C:\Users\vince\OneDrive\Desktop\PWU_WEBPORTAL_updated\PWU_WEBPORTAL\signup.php on line 73
[17-Oct-2025 09:36:36 Europe/Berlin] PHP Warning:  Undefined variable $course in C:\Users\vince\OneDrive\Desktop\PWU_WEBPORTAL_updated\PWU_WEBPORTAL\signup.php on line 73
[17-Oct-2025 09:38:14 Europe/Berlin] PHP Warning:  Undefined variable $course in C:\Users\vince\OneDrive\Desktop\PWU_WEBPORTAL_updated\PWU_WEBPORTAL\signup.php on line 73
[17-Oct-2025 09:39:26 Europe/Berlin] PHP Warning:  Undefined variable $course in C:\Users\vince\OneDrive\Desktop\PWU_WEBPORTAL_updated\PWU_WEBPORTAL\signup.php on line 73
[17-Oct-2025 09:43:16 Europe/Berlin] PHP Warning:  Undefined variable $course in C:\Users\vince\OneDrive\Desktop\PWU_WEBPORTAL_updated\PWU_WEBPORTAL\signup.php on line 73
[17-Oct-2025 09:45:04 Europe/Berlin] PHP Warning:  Undefined variable $course in C:\Users\vince\OneDrive\Desktop\PWU_WEBPORTAL_updated\PWU_WEBPORTAL\signup.php on line 73
[17-Oct-2025 09:47:24 Europe/Berlin] PHP Warning:  Undefined variable $course in C:\Users\vince\OneDrive\Desktop\PWU_WEBPORTAL_updated\PWU_WEBPORTAL\signup.php on line 73
[17-Oct-2025 09:49:16 Europe/Berlin] PHP Warning:  Undefined variable $course in C:\Users\vince\OneDrive\Desktop\PWU_WEBPORTAL_updated\PWU_WEBPORTAL\signup.php on line 73
[17-Oct-2025 09:53:58 Europe/Berlin] PHP Warning:  Undefined variable $course in C:\Users\vince\OneDrive\Desktop\PWU_WEBPORTAL_updated\PWU_WEBPORTAL\signup.php on line 73
[17-Oct-2025 09:55:30 Europe/Berlin] PHP Warning:  Undefined variable $course in C:\Users\vince\OneDrive\Desktop\PWU_WEBPORTAL_updated\PWU_WEBPORTAL\signup.php on line 73
[17-Oct-2025 09:57:03 Europe/Berlin] PHP Warning:  Undefined variable $course in C:\Users\vince\OneDrive\Desktop\PWU_WEBPORTAL_updated\PWU_WEBPORTAL\signup.php on line 73
[17-Oct-2025 09:58:29 Europe/Berlin] PHP Warning:  Undefined variable $course in C:\Users\vince\OneDrive\Desktop\PWU_WEBPORTAL_updated\PWU_WEBPORTAL\signup.php on line 73
[17-Oct-2025 10:01:32 Europe/Berlin] PHP Warning:  Undefined variable $course in C:\Users\vince\OneDrive\Desktop\PWU_WEBPORTAL_updated\PWU_WEBPORTAL\signup.php on line 73
[17-Oct-2025 10:03:09 Europe/Berlin] PHP Warning:  Undefined variable $course in C:\Users\vince\OneDrive\Desktop\PWU_WEBPORTAL_updated\PWU_WEBPORTAL\signup.php on line 73
[17-Oct-2025 10:05:10 Europe/Berlin] PHP Warning:  Undefined variable $course in C:\Users\vince\OneDrive\Desktop\PWU_WEBPORTAL_updated\PWU_WEBPORTAL\signup.php on line 73
[17-Oct-2025 10:07:05 Europe/Berlin] PHP Warning:  Undefined variable $course in C:\Users\vince\OneDrive\Desktop\PWU_WEBPORTAL_updated\PWU_WEBPORTAL\signup.php on line 73
[17-Oct-2025 10:09:53 Europe/Berlin] PHP Warning:  Undefined variable $course in C:\Users\vince\OneDrive\Desktop\PWU_WEBPORTAL_updated\PWU_WEBPORTAL\signup.php on line 73
[17-Oct-2025 10:11:51 Europe/Berlin] PHP Warning:  Undefined variable $course in C:\Users\vince\OneDrive\Desktop\PWU_WEBPORTAL_updated\PWU_WEBPORTAL\signup.php on line 73
[17-Oct-2025 10:13:21 Europe/Berlin] PHP Warning:  Undefined variable $course in C:\Users\vince\OneDrive\Desktop\PWU_WEBPORTAL_updated\PWU_WEBPORTAL\signup.php on line 73
[17-Oct-2025 10:14:36 Europe/Berlin] PHP Warning:  Undefined variable $course in C:\Users\vince\OneDrive\Desktop\PWU_WEBPORTAL_updated\PWU_WEBPORTAL\signup.php on line 73
[17-Oct-2025 10:24:49 Europe/Berlin] PHP Warning:  Undefined variable $departments in C:\Users\vince\OneDrive\Desktop\PWU_WEBPORTAL_updated\PWU_WEBPORTAL\signup.php on line 165
[17-Oct-2025 10:24:49 Europe/Berlin] PHP Fatal error:  Uncaught TypeError: mysqli_fetch_assoc(): Argument #1 ($result) must be of type mysqli_result, null given in C:\Users\vince\OneDrive\Desktop\PWU_WEBPORTAL_updated\PWU_WEBPORTAL\signup.php:165
Stack trace:
#0 C:\Users\vince\OneDrive\Desktop\PWU_WEBPORTAL_updated\PWU_WEBPORTAL\signup.php(165): mysqli_fetch_assoc(NULL)
#1 {main}
  thrown in C:\Users\vince\OneDrive\Desktop\PWU_WEBPORTAL_updated\PWU_WEBPORTAL\signup.php on line 165
[17-Oct-2025 10:34:54 Europe/Berlin] PHP Warning:  Undefined variable $departments in C:\Users\vince\OneDrive\Desktop\PWU_WEBPORTAL_updated\PWU_WEBPORTAL\signup.php on line 115
[17-Oct-2025 10:34:54 Europe/Berlin] PHP Fatal error:  Uncaught TypeError: mysqli_data_seek(): Argument #1 ($result) must be of type mysqli_result, null given in C:\Users\vince\OneDrive\Desktop\PWU_WEBPORTAL_updated\PWU_WEBPORTAL\signup.php:115
Stack trace:
#0 C:\Users\vince\OneDrive\Desktop\PWU_WEBPORTAL_updated\PWU_WEBPORTAL\signup.php(115): mysqli_data_seek(NULL, 0)
#1 {main}
  thrown in C:\Users\vince\OneDrive\Desktop\PWU_WEBPORTAL_updated\PWU_WEBPORTAL\signup.php on line 115
